// Jest Snapshot v1, https://goo.gl/fbAQLP

exports[`Moods container matches a snapshot 1`] = `
<Fragment>
  <Controls
    actions={
      Array [
        Object {
          "actionCreator": [Function],
          "count": 0,
          "name": "Drink Coffee",
        },
        Object {
          "actionCreator": [Function],
          "count": 0,
          "name": "Eat Snack",
        },
        Object {
          "actionCreator": [Function],
          "count": 0,
          "name": "Take Nap",
        },
        Object {
          "actionCreator": [Function],
          "count": 0,
          "name": "Study",
        },
      ]
    }
  />
  <Face
    emoji="ðŸ˜ "
  />
</Fragment>
`;
